******************************************************************************
                  TI ARM Linker PC v20.2.5                     
******************************************************************************
>> Linked Thu Sep 16 18:32:31 2021

OUTPUT FILE NAME:   <LAB2_V2.out>
ENTRY POINT SYMBOL: "_c_int00_noargs"  address: 0000033d


MEMORY CONFIGURATION

         name            origin    length      used     unused   attr    fill
----------------------  --------  ---------  --------  --------  ----  --------
  MAIN                  00000000   00040000  00000404  0003fbfc  R  X
  INFO                  00200000   00004000  00000000  00004000  R  X
  SRAM_CODE             01000000   00010000  00000204  0000fdfc  RW X
  SRAM_DATA             20000000   00010000  00000204  0000fdfc  RW  


SEGMENT ALLOCATION MAP

run origin  load origin   length   init length attrs members
----------  ----------- ---------- ----------- ----- -------
00000000    00000000    00000408   00000408    r-x
  00000000    00000000    000000e4   000000e4    r-- .intvecs
  000000e4    000000e4    000002d8   000002d8    r-x .text
  000003bc    000003bc    00000030   00000030    r-- .const
  000003f0    000003f0    00000018   00000018    r-- .cinit
20000000    20000000    00000004   00000000    rw-
  20000000    20000000    00000004   00000000    rw- .data
2000fe00    2000fe00    00000200   00000000    rw-
  2000fe00    2000fe00    00000200   00000000    rw- .stack


SECTION ALLOCATION MAP

 output                                  attributes/
section   page    origin      length       input sections
--------  ----  ----------  ----------   ----------------
.intvecs   0    00000000    000000e4     
                  00000000    000000e4     startup_msp432p401r_ccs.obj (.intvecs:retain)

.text      0    000000e4    000002d8     
                  000000e4    0000009c     rtsv7M4_T_le_v4SPD16_eabi.lib : memcpy_t2.asm.obj (.text)
                  00000180    00000078     system_msp432p401r.obj (.text:SystemInit)
                  000001f8    00000068     rtsv7M4_T_le_v4SPD16_eabi.lib : copy_decompress_lzss.c.obj (.text:decompress:lzss:__TI_decompress_lzss)
                  00000260    00000058     main.obj (.text:main)
                  000002b8    00000044     rtsv7M4_T_le_v4SPD16_eabi.lib : autoinit.c.obj (.text:__TI_auto_init_nobinit_nopinit:__TI_auto_init_nobinit_nopinit)
                  000002fc    00000040     msp432p4xx_driverlib.lib : gpio.o (.text:GPIO_setAsOutputPin)
                  0000033c    00000034     rtsv7M4_T_le_v4SPD16_eabi.lib : boot_cortex_m.c.obj (.text:_c_int00_noargs:_c_int00_noargs)
                  00000370    00000028     msp432p4xx_driverlib.lib : gpio.o (.text:GPIO_toggleOutputOnPin)
                  00000398    0000000e     rtsv7M4_T_le_v4SPD16_eabi.lib : copy_decompress_none.c.obj (.text:decompress:none:__TI_decompress_none)
                  000003a6    0000000c     startup_msp432p401r_ccs.obj (.text:Reset_Handler)
                  000003b2    00000004     rtsv7M4_T_le_v4SPD16_eabi.lib : pre_init.c.obj (.text:_system_pre_init)
                  000003b6    00000004                                   : exit.c.obj (.text:abort:abort)
                  000003ba    00000002     startup_msp432p401r_ccs.obj (.text:Default_Handler)

.const     0    000003bc    00000030     
                  000003bc    00000030     msp432p4xx_driverlib.lib : gpio.o (.const:GPIO_PORT_TO_BASE)

.cinit     0    000003f0    00000018     
                  000003f0    00000008     (.cinit..data.load) [load image, compression = lzss]
                  000003f8    00000008     (__TI_handler_table)
                  00000400    00000008     (__TI_cinit_table)

.init_array 
*          0    00000000    00000000     UNINITIALIZED

.binit     0    00000000    00000000     

.data      0    20000000    00000004     UNINITIALIZED
                  20000000    00000004     main.obj (.data)

.stack     0    2000fe00    00000200     UNINITIALIZED
                  2000fe00    00000004     rtsv7M4_T_le_v4SPD16_eabi.lib : boot_cortex_m.c.obj (.stack)
                  2000fe04    000001fc     --HOLE--

__llvm_prf_cnts 
*          0    20000000    00000000     UNINITIALIZED

MODULE SUMMARY

       Module                        code   ro data   rw data
       ------                        ----   -------   -------
    .\
       system_msp432p401r.obj        120    0         0      
       main.obj                      88     0         8      
    +--+-----------------------------+------+---------+---------+
       Total:                        208    0         8      
                                                             
    .\ccs\
       startup_msp432p401r_ccs.obj   14     228       0      
    +--+-----------------------------+------+---------+---------+
       Total:                        14     228       0      
                                                             
    C:/ti/simplelink_msp432p4_sdk_3_40_01_02/source/ti/devices/msp432p4xx/driverlib/ccs/msp432p4xx_driverlib.lib
       gpio.o                        104    48        0      
    +--+-----------------------------+------+---------+---------+
       Total:                        104    48        0      
                                                             
    C:\ti\ccs1040\ccs\tools\compiler\ti-cgt-arm_20.2.5.LTS\lib\rtsv7M4_T_le_v4SPD16_eabi.lib
       memcpy_t2.asm.obj             156    0         0      
       copy_decompress_lzss.c.obj    104    0         0      
       autoinit.c.obj                68     0         0      
       boot_cortex_m.c.obj           52     0         0      
       copy_decompress_none.c.obj    14     0         0      
       exit.c.obj                    4      0         0      
       pre_init.c.obj                4      0         0      
    +--+-----------------------------+------+---------+---------+
       Total:                        402    0         0      
                                                             
       Stack:                        0      0         1024   
       Linker Generated:             0      24        0      
    +--+-----------------------------+------+---------+---------+
       Grand Total:                  728    300       1032   


LINKER GENERATED COPY TABLES

__TI_cinit_table @ 00000400 records: 1, size/record: 8, table size: 8
	.data: load addr=000003f0, load size=00000008 bytes, run addr=20000000, run size=00000004 bytes, compression=lzss


LINKER GENERATED HANDLER TABLE

__TI_handler_table @ 000003f8 records: 2, size/record: 4, table size: 8
	index: 0, handler: __TI_decompress_lzss
	index: 1, handler: __TI_decompress_none


GLOBAL SYMBOLS: SORTED ALPHABETICALLY BY Name 

address   name                          
-------   ----                          
000003bb  ADC14_IRQHandler              
000003bb  AES256_IRQHandler             
000003bb  BusFault_Handler              
000003b7  C$$EXIT                       
000003bb  COMP_E0_IRQHandler            
000003bb  COMP_E1_IRQHandler            
000003bb  CS_IRQHandler                 
000003bb  DMA_ERR_IRQHandler            
000003bb  DMA_INT0_IRQHandler           
000003bb  DMA_INT1_IRQHandler           
000003bb  DMA_INT2_IRQHandler           
000003bb  DMA_INT3_IRQHandler           
000003bb  DebugMon_Handler              
000003bb  Default_Handler               
000003bb  EUSCIA0_IRQHandler            
000003bb  EUSCIA1_IRQHandler            
000003bb  EUSCIA2_IRQHandler            
000003bb  EUSCIA3_IRQHandler            
000003bb  EUSCIB0_IRQHandler            
000003bb  EUSCIB1_IRQHandler            
000003bb  EUSCIB2_IRQHandler            
000003bb  EUSCIB3_IRQHandler            
000003bb  FLCTL_IRQHandler              
000003bb  FPU_IRQHandler                
000002fd  GPIO_setAsOutputPin           
00000371  GPIO_toggleOutputOnPin        
000003bb  HardFault_Handler             
000003bb  MemManage_Handler             
000003bb  NMI_Handler                   
000003bb  PCM_IRQHandler                
000003bb  PORT1_IRQHandler              
000003bb  PORT2_IRQHandler              
000003bb  PORT3_IRQHandler              
000003bb  PORT4_IRQHandler              
000003bb  PORT5_IRQHandler              
000003bb  PORT6_IRQHandler              
000003bb  PSS_IRQHandler                
000003bb  PendSV_Handler                
000003bb  RTC_C_IRQHandler              
000003a7  Reset_Handler                 
000003bb  SVC_Handler                   
000003bb  SysTick_Handler               
00000181  SystemInit                    
000003bb  T32_INT1_IRQHandler           
000003bb  T32_INT2_IRQHandler           
000003bb  T32_INTC_IRQHandler           
000003bb  TA0_0_IRQHandler              
000003bb  TA0_N_IRQHandler              
000003bb  TA1_0_IRQHandler              
000003bb  TA1_N_IRQHandler              
000003bb  TA2_0_IRQHandler              
000003bb  TA2_N_IRQHandler              
000003bb  TA3_0_IRQHandler              
000003bb  TA3_N_IRQHandler              
000003bb  UsageFault_Handler            
4000480c  WDTCTL_SYM                    
000003bb  WDT_A_IRQHandler              
20010000  __STACK_END                   
00000200  __STACK_SIZE                  
00000400  __TI_CINIT_Base               
00000408  __TI_CINIT_Limit              
000003f8  __TI_Handler_Table_Base       
00000400  __TI_Handler_Table_Limit      
000002b9  __TI_auto_init_nobinit_nopinit
000001f9  __TI_decompress_lzss          
00000399  __TI_decompress_none          
ffffffff  __TI_pprof_out_hndl           
ffffffff  __TI_prof_data_size           
ffffffff  __TI_prof_data_start          
00000000  __TI_static_base__            
000000e5  __aeabi_memcpy                
000000e5  __aeabi_memcpy4               
000000e5  __aeabi_memcpy8               
ffffffff  __binit__                     
ffffffff  __c_args__                    
UNDEFED   __mpu_init                    
2000fe00  __stack                       
20000000  __start___llvm_prf_cnts       
20000000  __stop___llvm_prf_cnts        
0000033d  _c_int00_noargs               
UNDEFED   _system_post_cinit            
000003b3  _system_pre_init              
000003b7  abort                         
ffffffff  binit                         
20000000  g_waitcycles                  
00000000  interruptVectors              
00000261  main                          
000000e5  memcpy                        


GLOBAL SYMBOLS: SORTED BY Symbol Address 

address   name                          
-------   ----                          
00000000  __TI_static_base__            
00000000  interruptVectors              
000000e5  __aeabi_memcpy                
000000e5  __aeabi_memcpy4               
000000e5  __aeabi_memcpy8               
000000e5  memcpy                        
00000181  SystemInit                    
000001f9  __TI_decompress_lzss          
00000200  __STACK_SIZE                  
00000261  main                          
000002b9  __TI_auto_init_nobinit_nopinit
000002fd  GPIO_setAsOutputPin           
0000033d  _c_int00_noargs               
00000371  GPIO_toggleOutputOnPin        
00000399  __TI_decompress_none          
000003a7  Reset_Handler                 
000003b3  _system_pre_init              
000003b7  C$$EXIT                       
000003b7  abort                         
000003bb  ADC14_IRQHandler              
000003bb  AES256_IRQHandler             
000003bb  BusFault_Handler              
000003bb  COMP_E0_IRQHandler            
000003bb  COMP_E1_IRQHandler            
000003bb  CS_IRQHandler                 
000003bb  DMA_ERR_IRQHandler            
000003bb  DMA_INT0_IRQHandler           
000003bb  DMA_INT1_IRQHandler           
000003bb  DMA_INT2_IRQHandler           
000003bb  DMA_INT3_IRQHandler           
000003bb  DebugMon_Handler              
000003bb  Default_Handler               
000003bb  EUSCIA0_IRQHandler            
000003bb  EUSCIA1_IRQHandler            
000003bb  EUSCIA2_IRQHandler            
000003bb  EUSCIA3_IRQHandler            
000003bb  EUSCIB0_IRQHandler            
000003bb  EUSCIB1_IRQHandler            
000003bb  EUSCIB2_IRQHandler            
000003bb  EUSCIB3_IRQHandler            
000003bb  FLCTL_IRQHandler              
000003bb  FPU_IRQHandler                
000003bb  HardFault_Handler             
000003bb  MemManage_Handler             
000003bb  NMI_Handler                   
000003bb  PCM_IRQHandler                
000003bb  PORT1_IRQHandler              
000003bb  PORT2_IRQHandler              
000003bb  PORT3_IRQHandler              
000003bb  PORT4_IRQHandler              
000003bb  PORT5_IRQHandler              
000003bb  PORT6_IRQHandler              
000003bb  PSS_IRQHandler                
000003bb  PendSV_Handler                
000003bb  RTC_C_IRQHandler              
000003bb  SVC_Handler                   
000003bb  SysTick_Handler               
000003bb  T32_INT1_IRQHandler           
000003bb  T32_INT2_IRQHandler           
000003bb  T32_INTC_IRQHandler           
000003bb  TA0_0_IRQHandler              
000003bb  TA0_N_IRQHandler              
000003bb  TA1_0_IRQHandler              
000003bb  TA1_N_IRQHandler              
000003bb  TA2_0_IRQHandler              
000003bb  TA2_N_IRQHandler              
000003bb  TA3_0_IRQHandler              
000003bb  TA3_N_IRQHandler              
000003bb  UsageFault_Handler            
000003bb  WDT_A_IRQHandler              
000003f8  __TI_Handler_Table_Base       
00000400  __TI_CINIT_Base               
00000400  __TI_Handler_Table_Limit      
00000408  __TI_CINIT_Limit              
20000000  __start___llvm_prf_cnts       
20000000  __stop___llvm_prf_cnts        
20000000  g_waitcycles                  
2000fe00  __stack                       
20010000  __STACK_END                   
4000480c  WDTCTL_SYM                    
ffffffff  __TI_pprof_out_hndl           
ffffffff  __TI_prof_data_size           
ffffffff  __TI_prof_data_start          
ffffffff  __binit__                     
ffffffff  __c_args__                    
ffffffff  binit                         
UNDEFED   __mpu_init                    
UNDEFED   _system_post_cinit            

[88 symbols]
